"INSERT INTO pgbench_history (tid, bid, aid, delta, mtime) VALUES ($1, $2, $3, $4, CURRENT_TIMESTAMP)"
"SELECT abalance FROM pgbench_accounts WHERE aid = $1"
"SELECT assign_distributed_transaction_id($1, $2, $3)"
"SELECT count(*) AS count FROM public.pgbench_branches_XXXXX pgbench_branches WHERE $1"
"select count(*) from pgbench_branches"
"select o.n, p.partstrat, pg_catalog.count(i.inhparent) from pg_catalog.pg_class as c join pg_catalog.pg_namespace as n on (n.oid = c.relnamespace) cross join lateral (select pg_catalog.array_position(pg_catalog.current_schemas($1), n.nspname)) as o(n) left join pg_catalog.pg_partitioned_table as p on (p.partrelid = c.oid) left join pg_catalog.pg_inherits as i on (c.oid = i.inhparent) where c.relname = $2 and o.n is not null group by 1, 2 order by 1 asc limit $3"
"SELECT (SELECT $1) + (SELECT SUM(pg_table_size(relid)) FROM (VALUES ($2), ($3), ($4), ($5), ($6), ($7), ($8), ($9), ($10), ($11), ($12), ($13), ($14), ($15), ($16), ($17), ($18), ($19), ($20), ($21), ($22), ($23), ($24), ($25), ($26), ($27), ($28), ($29), ($30), ($31), ($32), ($33)) as q(relid))"
"SELECT\n\t\t\t\tjsonb_agg(shard_idx_stats)\n\t\t\tFROM (\n\t\t\t\tSELECT\n\t\t\t\t\trelnamespace::regnamespace AS idx_shard_schema,\n\t\t\t\t\tindexrelid::regclass AS idx_shard_name,\n\t\t\t\t\tCOALESCE(pg_catalog.pg_relation_size(indexrelid), $1) AS idx_shard_bytes\n\t\t\t\tFROM\n\t\t\t\t\tpg_stat_user_indexes pgsui INNER JOIN pg_class pgc ON pgc.oid = pgsui.relid\n\t\t\t\tWHERE\n\t\t\t\t\trelid = $2::regclass\n\t\t\t) AS shard_idx_stats"
"UPDATE pgbench_accounts SET abalance = abalance + $1 WHERE aid = $2"
"UPDATE pgbench_branches SET bbalance = bbalance + $1 WHERE bid = $2"
"UPDATE pgbench_tellers SET tbalance = tbalance + $1 WHERE tid = $2"
"<pganalyze-collector>"
